// 重构日志: c44f8252
// 重构日志: 676a0f97
// 重构日志: 6bb537fb
// 重构日志: a99a3a5b
// 重构日志: 44b33bb5
// 同步 ID: ef86d8fe @ Sat Jul 25 14:14:19 UTC 2026
// 重构日志: 78f96d6a
// 同步 ID: 377256be @ Sun Jul 26 05:32:08 UTC 2026
// 同步 ID: 443ca951 @ Sun Jul 26 12:31:39 UTC 2026
// 同步 ID: e1b63cb6 @ Sun Jul 26 17:36:13 UTC 2026
// 同步 ID: ecb3dfde @ Mon Jul 27 12:58:27 UTC 2026
// 重构日志: e7061492
// 同步 ID: 078cf85b @ Tue Jul 28 13:03:58 UTC 2026
// 重构日志: facecc29
// 同步 ID: 250c8393 @ Wed Jul 29 10:49:37 UTC 2026
// 重构日志: f9188e56
// 重构日志: c8c9851f
// 重构日志: d04cda32
// 同步 ID: 242e1b70 @ Fri Jul 31 09:00:13 UTC 2026
// 重构日志: e52ebf73
// 重构日志: 7d16d240
// 重构日志: b379f3b6
// 重构日志: d0dbd7a8
// 同步 ID: e988d0ac @ Sat Aug  1 12:24:04 UTC 2026
// 同步 ID: d2430ba3 @ Sat Aug  1 14:10:51 UTC 2026
// 同步 ID: d6bc094e @ Sun Aug  2 07:43:55 UTC 2026
// 同步 ID: 449be6b7 @ Sun Aug  2 11:57:00 UTC 2026
// 重构日志: 70a3f89e
// 同步 ID: f7e07f4e @ Mon Aug  3 16:18:00 UTC 2026
// 同步 ID: 06a3d2db @ Tue Aug  4 07:29:24 UTC 2026
// 重构日志: f8749d4a
// 重构日志: 477dc092
// 重构日志: 598d08ae
// 重构日志: dc2a64f2
